main.c:96:5:main	16	static
main.c:263:6:HAL_UART_RxCpltCallback	24	static
main.c:286:6:Convertvalue	32	static
main.c:307:6:FrameUART	8	static
main.c:382:6:CheckUART	16	static
main.c:577:6:IAQcolor	4	static
main.c:601:6:CheckFLAG	4	static
main.c:605:6:FormInterface	16	static
main.c:686:6:IAQform	8	static
main.c:703:6:HAL_TIM_PeriodElapsedCallback	16	static
main.c:720:6:SystemClock_Config	88	static
main.c:764:13:MX_I2C1_Init	8	static
main.c:798:13:MX_SPI2_Init	8	static
main.c:836:13:MX_TIM1_Init	80	static
main.c:905:13:MX_TIM2_Init	64	static
main.c:972:13:MX_TIM3_Init	48	static
main.c:1025:13:MX_USART1_UART_Init	8	static
main.c:1058:13:MX_GPIO_Init	48	static
main.c:1103:6:Error_Handler	4	static
