tft_spi.c:13:6:tft_init	8	static
tft_spi.c:134:6:tft_puts8x16	32	static
tft_spi.c:149:6:tft_puts14x24	32	static
tft_spi.c:163:6:tft_puts18x32	32	static
tft_spi.c:175:6:tft_puts26x48	32	static
tft_spi.c:187:6:tft_clear	24	static
tft_spi.c:209:6:tft_draw_line	64	static
tft_spi.c:247:6:tft_draw_rectangle	24	static
tft_spi.c:257:6:tft_draw_circle	32	static
tft_spi.c:292:6:arc	32	static
tft_spi.c:324:6:arc1	32	static
tft_spi.c:355:6:arc2	32	static
tft_spi.c:386:6:arc3	32	static
tft_spi.c:417:6:tft_draw_circle1	32	static
tft_spi.c:487:6:tft_fill	32	static
tft_spi.c:502:6:tft_fill2	32	static
tft_spi.c:517:6:tft_puts_image	24	static
tft_spi.c:542:6:tft_write_data_8bit	24	static
tft_spi.c:549:6:tft_write_data	24	static
tft_spi.c:559:6:tft_write_register	24	static
tft_spi.c:567:6:tft_add_set	24	static
tft_spi.c:581:6:tft_draw_point	16	static
tft_spi.c:587:6:tft_draw_point_big	32	static
tft_spi.c:593:6:tft_putchar	32	static
tft_spi.c:634:6:tft_putchar26x48	32	static
tft_spi.c:673:6:tft_putchar14x24	32	static
tft_spi.c:712:6:tft_putchar18x32	32	static
